Copyright 1986-2019 Xilinx, Inc. All Rights Reserved.
-----------------------------------------------------------------------------------------
| Tool Version : Vivado v.2019.2 (win64) Build 2708876 Wed Nov  6 21:40:23 MST 2019
| Date         : Sun May 31 21:20:01 2026
| Host         : rusunbook running 64-bit major release  (build 9200)
| Command      : report_control_sets -verbose -file soc_lite_top_control_sets_placed.rpt
| Design       : soc_lite_top
| Device       : xc7a200t
-----------------------------------------------------------------------------------------

Control Set Information

Table of Contents
-----------------
1. Summary
2. Histogram
3. Flip-Flop Distribution
4. Detailed Control Set Information

1. Summary
----------

+----------------------------------------------------------+-------+
|                          Status                          | Count |
+----------------------------------------------------------+-------+
| Total control sets                                       |   131 |
|    Minimum number of control sets                        |   131 |
|    Addition due to synthesis replication                 |     0 |
|    Addition due to physical synthesis replication        |     0 |
| Unused register locations in slices containing registers |   314 |
+----------------------------------------------------------+-------+
* Control sets can be merged at opt_design using control_set_merge or merge_equivalent_drivers
** Run report_qor_suggestions for automated merging and remapping suggestions


2. Histogram
------------

+--------------------+-------+
|       Fanout       | Count |
+--------------------+-------+
| Total control sets |   131 |
| >= 0 to < 4        |    10 |
| >= 4 to < 6        |    11 |
| >= 6 to < 8        |    13 |
| >= 8 to < 10       |     7 |
| >= 10 to < 12      |     5 |
| >= 12 to < 14      |     2 |
| >= 14 to < 16      |     0 |
| >= 16              |    83 |
+--------------------+-------+
* Control sets can be remapped at either synth_design or opt_design


3. Flip-Flop Distribution
-------------------------

+--------------+-----------------------+------------------------+-----------------+--------------+
| Clock Enable | Synchronous Set/Reset | Asynchronous Set/Reset | Total Registers | Total Slices |
+--------------+-----------------------+------------------------+-----------------+--------------+
| No           | No                    | No                     |             219 |           74 |
| No           | No                    | Yes                    |               0 |            0 |
| No           | Yes                   | No                     |             334 |          111 |
| Yes          | No                    | No                     |            2057 |          821 |
| Yes          | No                    | Yes                    |               0 |            0 |
| Yes          | Yes                   | No                     |            1620 |          749 |
+--------------+-----------------------+------------------------+-----------------+--------------+


4. Detailed Control Set Information
-----------------------------------

+-----------------------------+------------------------------------------------------------------------------------------------------------------------------------------------------------------------------------------+--------------------------------------------------------------------------------------------------------------------------+------------------+----------------+
|         Clock Signal        |                                                                                       Enable Signal                                                                                      |                                                     Set/Reset Signal                                                     | Slice Load Count | Bel Load Count |
+-----------------------------+------------------------------------------------------------------------------------------------------------------------------------------------------------------------------------------+--------------------------------------------------------------------------------------------------------------------------+------------------+----------------+
|  pll.clk_pll/inst/cpu_clk   | u_axi_crossbar_1x2/inst/gen_samd.crossbar_samd/gen_decerr_slave.decerr_slave_inst/gen_axi.s_axi_bid_i[3]_i_1_n_0                                                                         | u_axi_crossbar_1x2/inst/gen_samd.crossbar_samd/addr_arbiter_ar/SR[0]                                                     |                1 |              1 |
|  pll.clk_pll/inst/cpu_clk   | u_axi_crossbar_1x2/inst/gen_samd.crossbar_samd/gen_decerr_slave.decerr_slave_inst/s_axi_rvalid_i                                                                                         | u_axi_crossbar_1x2/inst/gen_samd.crossbar_samd/addr_arbiter_ar/SR[0]                                                     |                1 |              1 |
|  pll.clk_pll/inst/cpu_clk   | u_axi_crossbar_1x2/inst/gen_samd.crossbar_samd/gen_master_slots[2].reg_slice_mi/b.b_pipe/gen_slave_slots[0].gen_si_write.si_transactor_aw/gen_multi_thread.arbiter_resp_inst/chosen40_in |                                                                                                                          |                1 |              1 |
|  pll.clk_pll/inst/cpu_clk   | u_confreg/step0_sample                                                                                                                                                                   | u_confreg/cpu_resetn_reg                                                                                                 |                1 |              1 |
|  pll.clk_pll/inst/cpu_clk   | u_axi_ram/ram/U0/inst_blk_mem_gen/gnbram.gaxibmg.axi_rd_sm/axi_read_fsm/E[0]                                                                                                             | u_axi_ram/ram/U0/inst_blk_mem_gen/gnbram.gaxibmg.axi_blk_mem_gen/valid.cstr/ramloop[255].ram.r/prim_init.ram/s_aresetn_0 |                1 |              1 |
|  pll.clk_pll/inst/cpu_clk   | u_axi_crossbar_1x2/inst/gen_samd.crossbar_samd/gen_master_slots[0].reg_slice_mi/b.b_pipe/gen_slave_slots[0].gen_si_write.si_transactor_aw/gen_multi_thread.arbiter_resp_inst/chosen41_in |                                                                                                                          |                1 |              1 |
|  pll.clk_pll/inst/cpu_clk   | u_confreg/step1_sample                                                                                                                                                                   | u_confreg/cpu_resetn_reg                                                                                                 |                1 |              1 |
|  pll.clk_pll/inst/cpu_clk   | u_axi_crossbar_1x2/inst/gen_samd.crossbar_samd/gen_slave_slots[0].gen_si_read.si_transactor_ar/gen_multi_thread.arbiter_resp_inst/s_axi_rready[0]_0[0]                                   |                                                                                                                          |                1 |              2 |
|  pll.clk_pll/inst/cpu_clk   | u_axi_crossbar_1x2/inst/gen_samd.crossbar_samd/gen_slave_slots[0].gen_si_write.wdata_router_w/wrouter_aw_fifo/gen_srls[0].gen_rep[1].srl_nx1/push                                        |                                                                                                                          |                1 |              2 |
|  pll.clk_pll/inst/cpu_clk   | u_axi_crossbar_1x2/inst/gen_samd.crossbar_samd/gen_master_slots[2].reg_slice_mi/r.r_pipe/s_ready_i_reg_0                                                                                 |                                                                                                                          |                1 |              2 |
|  pll.clk_pll/inst/cpu_clk   | u_cpu/u_core/exe_stage/u_tlb/reset_reg_5[0]                                                                                                                                              |                                                                                                                          |                2 |              4 |
|  pll.clk_pll/inst/cpu_clk   | u_axi_crossbar_1x2/inst/gen_samd.crossbar_samd/gen_slave_slots[0].gen_si_write.wdata_router_w/wrouter_aw_fifo/m_valid_i                                                                  | u_axi_crossbar_1x2/inst/gen_samd.crossbar_samd/gen_slave_slots[0].gen_si_write.wdata_router_w/wrouter_aw_fifo/areset_d1  |                2 |              4 |
|  pll.clk_pll/inst/cpu_clk   |                                                                                                                                                                                          | u_confreg/state_count0                                                                                                   |                1 |              4 |
|  pll.clk_pll/inst/cpu_clk   | u_axi_ram/ram/U0/inst_blk_mem_gen/gnbram.gaxibmg.axi_wr_fsm/axi_wr_fsm/addr_en_c                                                                                                         | u_axi_ram/ram/U0/inst_blk_mem_gen/gnbram.gaxibmg.axi_blk_mem_gen/valid.cstr/ramloop[255].ram.r/prim_init.ram/s_aresetn_0 |                1 |              4 |
|  pll.clk_pll/inst/cpu_clk   | cpu_resetn                                                                                                                                                                               |                                                                                                                          |                1 |              4 |
|  pll.clk_pll/inst/cpu_clk   | u_axi_crossbar_1x2/inst/gen_samd.crossbar_samd/gen_master_slots[1].reg_slice_mi/b.b_pipe/m_payload_i[5]_i_1__0_n_0                                                                       |                                                                                                                          |                1 |              4 |
|  pll.clk_pll/inst/cpu_clk   | u_cpu/u_core/exe_stage/u_tlb/ds_to_es_bus_r_reg[10]                                                                                                                                      | u_cpu/u_core/reset                                                                                                       |                4 |              4 |
|  pll.clk_pll/inst/cpu_clk   | u_cpu/u_core/exe_stage/u_tlb/ds_to_es_bus_r_reg[185][0]                                                                                                                                  | u_cpu/u_core/reset                                                                                                       |                2 |              4 |
|  pll.clk_pll/inst/cpu_clk   | u_cpu/u_sram_axi_bridge/FSM_onehot_state[4]_i_1_n_0                                                                                                                                      | u_confreg/cpu_resetn_reg                                                                                                 |                4 |              5 |
|  pll.clk_pll/inst/cpu_clk   | u_axi_ram/ram/U0/inst_blk_mem_gen/gnbram.gaxibmg.axi_rd_sm/axi_read_fsm/s_axi_arvalid_0                                                                                                  | u_axi_ram/ram/U0/inst_blk_mem_gen/gnbram.gaxibmg.axi_blk_mem_gen/valid.cstr/ramloop[255].ram.r/prim_init.ram/s_aresetn_0 |                3 |              5 |
|  pll.clk_pll/inst/cpu_clk   | u_cpu/u_core/exe_stage/u_tlb/done_reg                                                                                                                                                    | u_cpu/u_core/reset                                                                                                       |                2 |              5 |
|  pll.clk_pll/inst/cpu_clk   | u_axi_crossbar_1x2/inst/gen_samd.crossbar_samd/gen_slave_slots[0].gen_si_read.si_transactor_ar/gen_multi_thread.cmd_push_1                                                               | u_axi_crossbar_1x2/inst/gen_samd.crossbar_samd/addr_arbiter_ar/SR[0]                                                     |                2 |              6 |
|  pll.clk_pll/inst/cpu_clk   | u_axi_crossbar_1x2/inst/gen_samd.crossbar_samd/gen_slave_slots[0].gen_si_write.si_transactor_aw/gen_multi_thread.cmd_push_2                                                              | u_axi_crossbar_1x2/inst/gen_samd.crossbar_samd/addr_arbiter_ar/SR[0]                                                     |                2 |              6 |
|  pll.clk_pll/inst/cpu_clk   | u_axi_crossbar_1x2/inst/gen_samd.crossbar_samd/gen_slave_slots[0].gen_si_write.si_transactor_aw/gen_multi_thread.cmd_push_1                                                              | u_axi_crossbar_1x2/inst/gen_samd.crossbar_samd/addr_arbiter_ar/SR[0]                                                     |                2 |              6 |
|  pll.clk_pll/inst/cpu_clk   | u_cpu/u_core/exe_stage/u_iter_divider/count                                                                                                                                              | u_cpu/u_core/exe_stage/u_iter_divider/divisor_abs[31]_i_1_n_0                                                            |                2 |              6 |
|  pll.clk_pll/inst/cpu_clk   | u_axi_crossbar_1x2/inst/gen_samd.crossbar_samd/gen_slave_slots[0].gen_si_write.si_transactor_aw/gen_multi_thread.cmd_push_0                                                              | u_axi_crossbar_1x2/inst/gen_samd.crossbar_samd/addr_arbiter_ar/SR[0]                                                     |                2 |              6 |
|  pll.clk_pll/inst/cpu_clk   |                                                                                                                                                                                          | u_axi_crossbar_1x2/inst/gen_samd.crossbar_samd/gen_master_slots[1].reg_slice_mi/b.b_pipe/aresetn_d_reg[1]_0              |                3 |              6 |
|  pll.clk_pll/inst/cpu_clk   |                                                                                                                                                                                          | u_axi_crossbar_1x2/inst/gen_samd.crossbar_samd/gen_master_slots[1].reg_slice_mi/b.b_pipe/aresetn_d_reg[0]_0              |                4 |              6 |
|  pll.clk_pll/inst/cpu_clk   | u_axi_crossbar_1x2/inst/gen_samd.crossbar_samd/gen_slave_slots[0].gen_si_read.si_transactor_ar/gen_multi_thread.cmd_push_2                                                               | u_axi_crossbar_1x2/inst/gen_samd.crossbar_samd/addr_arbiter_ar/SR[0]                                                     |                2 |              6 |
|  pll.clk_pll/inst/cpu_clk   | u_confreg/state_count_reg[3]                                                                                                                                                             | u_confreg/cpu_resetn_reg                                                                                                 |                4 |              6 |
|  pll.clk_pll/inst/cpu_clk   | u_axi_crossbar_1x2/inst/gen_samd.crossbar_samd/gen_slave_slots[0].gen_si_read.si_transactor_ar/gen_multi_thread.cmd_push_0                                                               | u_axi_crossbar_1x2/inst/gen_samd.crossbar_samd/addr_arbiter_ar/SR[0]                                                     |                2 |              6 |
|  pll.clk_pll/inst/cpu_clk   | u_axi_crossbar_1x2/inst/gen_samd.crossbar_samd/gen_slave_slots[0].gen_si_read.si_transactor_ar/gen_multi_thread.cmd_push_3                                                               | u_axi_crossbar_1x2/inst/gen_samd.crossbar_samd/addr_arbiter_ar/SR[0]                                                     |                3 |              6 |
|  pll.clk_pll/inst/cpu_clk   | u_axi_crossbar_1x2/inst/gen_samd.crossbar_samd/gen_slave_slots[0].gen_si_write.si_transactor_aw/gen_multi_thread.cmd_push_3                                                              | u_axi_crossbar_1x2/inst/gen_samd.crossbar_samd/addr_arbiter_ar/SR[0]                                                     |                2 |              6 |
|  pll.clk_pll/inst/cpu_clk   | u_cpu/u_core/exe_stage/u_tlb/ds_to_es_bus_r_reg[5]_2[1]                                                                                                                                  |                                                                                                                          |                5 |              7 |
|  pll.clk_pll/inst/cpu_clk   | u_confreg/write_uart_valid                                                                                                                                                               | u_confreg/cpu_resetn_reg                                                                                                 |                3 |              8 |
|  pll.clk_pll/inst/cpu_clk   | u_axi_crossbar_1x2/inst/gen_samd.crossbar_samd/gen_decerr_slave.decerr_slave_inst/gen_axi.read_cnt[7]_i_1_n_0                                                                            | u_axi_crossbar_1x2/inst/gen_samd.crossbar_samd/addr_arbiter_ar/SR[0]                                                     |                3 |              8 |
|  pll.clk_pll/inst/cpu_clk   | u_cpu/u_core/exe_stage/u_tlb/ds_to_es_bus_r_reg[5]_0                                                                                                                                     |                                                                                                                          |                6 |              8 |
|  pll.clk_pll/inst/cpu_clk   | u_axi_ram/ram/U0/inst_blk_mem_gen/gnbram.gaxibmg.axi_rd_sm/axi_read_fsm/FSM_sequential_gaxi_full_sm.present_state_reg[1]_0[0]                                                            | u_axi_ram/ram/U0/inst_blk_mem_gen/gnbram.gaxibmg.axi_blk_mem_gen/valid.cstr/ramloop[255].ram.r/prim_init.ram/s_aresetn_0 |                3 |              8 |
|  pll.clk_pll/inst/cpu_clk   | u_axi_ram/ram/U0/inst_blk_mem_gen/gnbram.gaxibmg.axi_wr_fsm/axi_wr_fsm/E[0]                                                                                                              | u_axi_ram/ram/U0/inst_blk_mem_gen/gnbram.gaxibmg.axi_blk_mem_gen/valid.cstr/ramloop[255].ram.r/prim_init.ram/s_aresetn_0 |                4 |              8 |
|  pll.clk_pll/inst/cpu_clk   | u_axi_ram/ram/U0/inst_blk_mem_gen/gnbram.gaxibmg.axi_wr_fsm/axi_wr_fsm/p_0_in1_out                                                                                                       |                                                                                                                          |                1 |              8 |
|  pll.clk_pll/inst/cpu_clk   | u_cpu/u_core/exe_stage/u_tlb/reset_reg_7                                                                                                                                                 |                                                                                                                          |                6 |              9 |
|  pll.clk_pll/inst/cpu_clk   | u_cpu/u_core/exe_stage/u_tlb/ds_to_es_bus_r_reg[3]_3[0]                                                                                                                                  | u_cpu/u_core/reset                                                                                                       |                5 |             10 |
|  pll.clk_pll/inst/cpu_clk   | u_cpu/u_core/exe_stage/u_tlb/ds_to_es_bus_r_reg[6]_1[0]                                                                                                                                  | u_cpu/u_core/reset                                                                                                       |                6 |             10 |
|  pll.clk_pll/inst/cpu_clk   | u_cpu/u_core/exe_stage/u_tlb/ds_to_es_bus_r_reg[3]_7[0]                                                                                                                                  | u_cpu/u_core/reset                                                                                                       |                6 |             10 |
|  pll.clk_pll/inst/cpu_clk   | u_cpu/u_core/exe_stage/u_tlb/ds_to_es_bus_r_reg[5]_2[0]                                                                                                                                  |                                                                                                                          |                3 |             10 |
|  pll.clk_pll/inst/cpu_clk   | u_cpu/u_core/exe_stage/u_tlb/ds_valid_reg_1                                                                                                                                              | u_cpu/u_core/id_stage/ds_valid_reg_0                                                                                     |                3 |             11 |
|  pll.clk_pll/inst/cpu_clk   | u_cpu/u_core/exe_stage/u_tlb/ds_to_es_bus_r_reg[4][0]                                                                                                                                    | u_cpu/u_core/reset                                                                                                       |                7 |             12 |
|  pll.clk_pll/inst/cpu_clk   | u_axi_ram/ram/U0/inst_blk_mem_gen/gnbram.gaxibmg.axi_rd_sm/axi_read_fsm/E[0]                                                                                                             |                                                                                                                          |                3 |             13 |
|  pll.clk_pll/inst/cpu_clk   | u_confreg/led_data[15]_i_1_n_0                                                                                                                                                           | u_confreg/cpu_resetn_reg                                                                                                 |                9 |             16 |
|  pll.clk_pll/inst/cpu_clk   | u_confreg/busy01_out                                                                                                                                                                     | u_confreg/cpu_resetn_reg                                                                                                 |                6 |             18 |
|  pll.clk_pll/inst/cpu_clk   | u_cpu/u_core/exe_stage/u_tlb/ds_valid_reg_1                                                                                                                                              | u_cpu/u_core/id_stage/fs_to_ds_bus_r_reg[69]_1                                                                           |                3 |             19 |
|  pll.clk_pll/inst/cpu_clk   | u_cpu/u_core/exe_stage/u_tlb/ds_to_es_bus_r_reg[3][0]                                                                                                                                    | u_cpu/u_core/reset                                                                                                       |               11 |             19 |
|  pll.clk_pll/inst/cpu_clk   | u_cpu/u_core/exe_stage/u_tlb/reset_reg_7                                                                                                                                                 | u_cpu/u_core/reset                                                                                                       |               11 |             19 |
|  pll.clk_pll/inst/cpu_clk   |                                                                                                                                                                                          | u_confreg/key_count0                                                                                                     |                5 |             20 |
|  pll.clk_pll/inst/cpu_clk   |                                                                                                                                                                                          | u_confreg/step0_count0                                                                                                   |                5 |             20 |
|  pll.clk_pll/inst/cpu_clk   | u_cpu/u_core/exe_stage/u_tlb/ds_to_es_bus_r_reg[5]_0                                                                                                                                     | u_cpu/u_core/reset                                                                                                       |                8 |             20 |
|  pll.clk_pll/inst/cpu_clk   |                                                                                                                                                                                          | u_confreg/step1_count0                                                                                                   |                5 |             20 |
|  pll.clk_pll/inst/cpu_clk   | u_axi_ram/ram/U0/inst_blk_mem_gen/gnbram.gaxibmg.axi_wr_fsm/axi_wr_fsm/s_axi_wvalid_0[0]                                                                                                 | u_axi_ram/ram/U0/inst_blk_mem_gen/gnbram.gaxibmg.axi_blk_mem_gen/valid.cstr/ramloop[255].ram.r/prim_init.ram/s_aresetn_0 |               10 |             21 |
|  pll.clk_pll/inst/cpu_clk   |                                                                                                                                                                                          | u_axi_ram/ram/U0/inst_blk_mem_gen/gnbram.gaxibmg.axi_blk_mem_gen/valid.cstr/ramloop[255].ram.r/prim_init.ram/s_aresetn_0 |                9 |             21 |
|  pll.clk_pll/inst/cpu_clk   | u_axi_ram/ram/U0/inst_blk_mem_gen/gnbram.gaxibmg.axi_rd_sm/axi_read_fsm/s_axi_arvalid_1[0]                                                                                               | u_axi_ram/ram/U0/inst_blk_mem_gen/gnbram.gaxibmg.axi_blk_mem_gen/valid.cstr/ramloop[255].ram.r/prim_init.ram/s_aresetn_0 |                9 |             21 |
|  pll.clk_pll/inst/cpu_clk   | u_axi_crossbar_1x2/inst/gen_samd.crossbar_samd/addr_arbiter_aw/p_1_in                                                                                                                    | u_axi_crossbar_1x2/inst/gen_samd.crossbar_samd/addr_arbiter_ar/SR[0]                                                     |                9 |             28 |
|  pll.clk_pll/inst/cpu_clk   | u_axi_crossbar_1x2/inst/gen_samd.crossbar_samd/addr_arbiter_ar/p_1_in                                                                                                                    | u_axi_crossbar_1x2/inst/gen_samd.crossbar_samd/addr_arbiter_ar/SR[0]                                                     |               13 |             28 |
|  pll.clk_pll/inst/cpu_clk   | u_cpu/u_core/exe_stage/u_tlb/ds_to_es_bus_r_reg[8][0]                                                                                                                                    | u_cpu/u_core/reset                                                                                                       |               19 |             29 |
|  pll.clk_pll/inst/cpu_clk   | u_cpu/u_core/exe_stage/u_tlb/ds_to_es_bus_r_reg[3]_8[0]                                                                                                                                  | u_cpu/u_core/reset                                                                                                       |               21 |             30 |
|  pll.clk_pll/inst/cpu_clk   | u_cpu/u_core/exe_stage/u_tlb/ds_to_es_bus_r_reg[3]_4[0]                                                                                                                                  | u_cpu/u_core/reset                                                                                                       |               16 |             32 |
|  pll.clk_pll/inst/cpu_clk   | u_cpu/u_core/exe_stage/u_tlb/fs_valid_reg[0]                                                                                                                                             | u_cpu/u_core/reset                                                                                                       |               12 |             32 |
|  pll.clk_pll/inst/cpu_clk   | u_cpu/u_core/exe_stage/u_iter_divider/dividend_shift                                                                                                                                     |                                                                                                                          |               11 |             32 |
|  pll.clk_pll/inst/cpu_clk   | u_confreg/conf_wdata_r[31]_i_1_n_0                                                                                                                                                       |                                                                                                                          |               12 |             32 |
|  pll.clk_pll/inst/cpu_clk   | u_confreg/led_data[15]_i_1_n_0                                                                                                                                                           |                                                                                                                          |               12 |             32 |
|  pll.clk_pll/inst/cpu_clk   | u_confreg/write_io_simu                                                                                                                                                                  | u_confreg/cpu_resetn_reg                                                                                                 |               10 |             32 |
|  pll.clk_pll/inst/cpu_clk   | u_confreg/write_cr2                                                                                                                                                                      | u_confreg/cpu_resetn_reg                                                                                                 |               13 |             32 |
|  pll.clk_pll/inst/cpu_clk   | u_confreg/write_cr5                                                                                                                                                                      | u_confreg/cpu_resetn_reg                                                                                                 |               15 |             32 |
|  pll.clk_pll/inst/cpu_clk   | u_confreg/write_cr3                                                                                                                                                                      | u_confreg/cpu_resetn_reg                                                                                                 |               19 |             32 |
|  pll.clk_pll/inst/cpu_clk   | u_confreg/write_cr7                                                                                                                                                                      | u_confreg/cpu_resetn_reg                                                                                                 |               14 |             32 |
|  pll.clk_pll/inst/cpu_clk   | u_confreg/write_cr1                                                                                                                                                                      | u_confreg/cpu_resetn_reg                                                                                                 |               15 |             32 |
|  pll.clk_pll/inst/cpu_clk   | u_confreg/write_cr0                                                                                                                                                                      | u_confreg/cpu_resetn_reg                                                                                                 |               16 |             32 |
|  pll.clk_pll/inst/cpu_clk   | u_confreg/write_cr4                                                                                                                                                                      | u_confreg/cpu_resetn_reg                                                                                                 |               12 |             32 |
|  pll.clk_pll/inst/cpu_clk   | u_confreg/write_cr6                                                                                                                                                                      | u_confreg/cpu_resetn_reg                                                                                                 |               11 |             32 |
|  pll.clk_pll/inst/cpu_clk   | u_cpu/u_core/if_stage/fs_pc[31]_i_1_n_0                                                                                                                                                  | u_cpu/u_core/if_stage/fs_inst[31]_i_1_n_0                                                                                |                9 |             32 |
|  pll.clk_pll/inst/cpu_clk   | u_cpu/u_core/if_stage/req_pc[31]_i_1_n_0                                                                                                                                                 | u_cpu/u_core/reset                                                                                                       |               13 |             32 |
|  pll.clk_pll/inst/timer_clk |                                                                                                                                                                                          | u_confreg/cpu_resetn_reg                                                                                                 |                8 |             32 |
|  pll.clk_pll/inst/cpu_clk   | u_cpu/u_core/exe_stage/u_tlb/ds_to_es_bus_r_reg[3]_6[0]                                                                                                                                  | u_cpu/u_core/reset                                                                                                       |               25 |             32 |
|  pll.clk_pll/inst/cpu_clk   | u_cpu/u_core/exe_stage/u_tlb/ds_to_es_bus_r_reg[3]_0[0]                                                                                                                                  | u_cpu/u_core/reset                                                                                                       |               15 |             32 |
|  pll.clk_pll/inst/cpu_clk   | u_cpu/u_core/exe_stage/u_tlb/ds_to_es_bus_r_reg[3]_5[0]                                                                                                                                  | u_cpu/u_core/reset                                                                                                       |               22 |             32 |
|  pll.clk_pll/inst/cpu_clk   | u_cpu/u_core/exe_stage/u_tlb/ds_to_es_bus_r_reg[2][0]                                                                                                                                    | u_cpu/u_core/reset                                                                                                       |               14 |             32 |
|  pll.clk_pll/inst/cpu_clk   | u_cpu/u_core/exe_stage/u_tlb/ds_to_es_bus_r_reg[6]_0[0]                                                                                                                                  | u_cpu/u_core/reset                                                                                                       |               23 |             32 |
|  pll.clk_pll/inst/cpu_clk   | u_cpu/u_core/exe_stage/u_tlb/ds_to_es_bus_r_reg[2]_0[0]                                                                                                                                  | u_cpu/u_core/reset                                                                                                       |               19 |             32 |
|  pll.clk_pll/inst/cpu_clk   | u_cpu/u_core/exe_stage/u_tlb/ds_to_es_bus_r_reg[5]_1[0]                                                                                                                                  | u_cpu/u_core/reset                                                                                                       |               15 |             32 |
|  pll.clk_pll/inst/cpu_clk   | u_cpu/u_core/exe_stage/u_tlb/ds_to_es_bus_r_reg[3]_2[0]                                                                                                                                  | u_cpu/u_core/reset                                                                                                       |               18 |             32 |
|  pll.clk_pll/inst/cpu_clk   | u_cpu/u_core/exe_stage/u_tlb/ds_to_es_bus_r_reg[6][0]                                                                                                                                    | u_cpu/u_core/reset                                                                                                       |               18 |             32 |
|  pll.clk_pll/inst/cpu_clk   | u_cpu/u_core/exe_stage/u_tlb/fs_req_reg_1                                                                                                                                                | u_cpu/u_core/reset                                                                                                       |               13 |             33 |
|  pll.clk_pll/inst/cpu_clk   | u_confreg/conf_rdata_reg0                                                                                                                                                                | u_confreg/cpu_resetn_reg                                                                                                 |               14 |             33 |
|  pll.clk_pll/inst/cpu_clk   | u_axi_crossbar_1x2/inst/gen_samd.crossbar_samd/gen_master_slots[0].reg_slice_mi/r.r_pipe/s_ready_i_reg_0                                                                                 |                                                                                                                          |                8 |             34 |
|  pll.clk_pll/inst/cpu_clk   | u_confreg/write_led_rg0                                                                                                                                                                  | u_confreg/cpu_resetn_reg                                                                                                 |               20 |             34 |
|  pll.clk_pll/inst/cpu_clk   | u_cpu/u_core/exe_stage/u_iter_divider/divisor_abs[31]_i_1_n_0                                                                                                                            |                                                                                                                          |               10 |             34 |
|  pll.clk_pll/inst/cpu_clk   | u_axi_crossbar_1x2/inst/gen_samd.crossbar_samd/gen_slave_slots[0].gen_si_read.si_transactor_ar/gen_multi_thread.arbiter_resp_inst/E[0]                                                   |                                                                                                                          |               18 |             34 |
|  pll.clk_pll/inst/cpu_clk   | u_axi_crossbar_1x2/inst/gen_samd.crossbar_samd/gen_master_slots[0].reg_slice_mi/r.r_pipe/p_1_in                                                                                          |                                                                                                                          |                8 |             34 |
|  pll.clk_pll/inst/cpu_clk   | u_confreg/write_led_rg1                                                                                                                                                                  | u_confreg/cpu_resetn_reg                                                                                                 |               16 |             34 |
|  pll.clk_pll/inst/cpu_clk   | u_axi_crossbar_1x2/inst/gen_samd.crossbar_samd/gen_master_slots[1].reg_slice_mi/r.r_pipe/s_ready_i_reg_0                                                                                 |                                                                                                                          |               23 |             34 |
|  pll.clk_pll/inst/cpu_clk   | u_cpu/u_core/exe_stage/u_tlb/fs_req_reg[1]                                                                                                                                               | u_confreg/cpu_resetn_reg                                                                                                 |               19 |             35 |
|  pll.clk_pll/inst/cpu_clk   | u_cpu/u_core/if_stage/fs_pc[31]_i_1_n_0                                                                                                                                                  | u_cpu/u_core/reset                                                                                                       |               14 |             37 |
|  pll.clk_pll/inst/cpu_clk   | u_cpu/u_core/mem_stage/ms_to_ws_valid                                                                                                                                                    |                                                                                                                          |               18 |             38 |
|  pll.clk_pll/inst/cpu_clk   | u_cpu/u_core/exe_stage/u_tlb/es_valid_reg_2[0]                                                                                                                                           |                                                                                                                          |               23 |             43 |
|  pll.clk_pll/inst/cpu_clk   |                                                                                                                                                                                          | u_confreg/cpu_resetn_reg                                                                                                 |               19 |             56 |
|  pll.clk_pll/inst/cpu_clk   | u_cpu/u_core/exe_stage/u_iter_divider/quotient_work                                                                                                                                      | u_cpu/u_core/exe_stage/u_iter_divider/divisor_abs[31]_i_1_n_0                                                            |               18 |             63 |
|  pll.clk_pll/inst/cpu_clk   | u_cpu/u_core/exe_stage/u_iter_divider/quotient[31]_i_2_n_0                                                                                                                               | u_cpu/u_core/exe_stage/u_iter_divider/quotient[31]_i_1_n_0                                                               |               27 |             64 |
|  pll.clk_pll/inst/cpu_clk   | u_confreg/write_num                                                                                                                                                                      | u_confreg/cpu_resetn_reg                                                                                                 |               23 |             64 |
|  pll.clk_pll/inst/timer_clk |                                                                                                                                                                                          |                                                                                                                          |               14 |             67 |
|  pll.clk_pll/inst/cpu_clk   |                                                                                                                                                                                          | u_axi_crossbar_1x2/inst/gen_samd.crossbar_samd/addr_arbiter_ar/SR[0]                                                     |               25 |             69 |
|  pll.clk_pll/inst/cpu_clk   | u_cpu/u_core/exe_stage/u_tlb/fs_valid_reg_0[0]                                                                                                                                           |                                                                                                                          |               29 |             69 |
|  pll.clk_pll/inst/cpu_clk   | u_cpu/u_core/exe_stage/u_tlb/fs_req_reg_2[0]                                                                                                                                             | u_confreg/cpu_resetn_reg                                                                                                 |               26 |             70 |
|  pll.clk_pll/inst/cpu_clk   |                                                                                                                                                                                          | u_cpu/u_core/reset                                                                                                       |               27 |             80 |
|  pll.clk_pll/inst/cpu_clk   | u_cpu/u_core/exe_stage/u_csr_regfile/ds_to_es_bus_r_reg[185]                                                                                                                             |                                                                                                                          |               33 |             88 |
|  pll.clk_pll/inst/cpu_clk   | u_cpu/u_core/exe_stage/u_csr_regfile/ds_to_es_bus_r_reg[185]_1                                                                                                                           |                                                                                                                          |               34 |             88 |
|  pll.clk_pll/inst/cpu_clk   | u_cpu/u_core/exe_stage/u_csr_regfile/ds_to_es_bus_r_reg[185]_0                                                                                                                           |                                                                                                                          |               39 |             88 |
|  pll.clk_pll/inst/cpu_clk   | u_cpu/u_core/exe_stage/u_csr_regfile/tlbidx_reg[1]_rep_0[0]                                                                                                                              |                                                                                                                          |               36 |             88 |
|  pll.clk_pll/inst/cpu_clk   | u_cpu/u_core/exe_stage/u_csr_regfile/tlbidx_reg[0]_rep_4[0]                                                                                                                              |                                                                                                                          |               34 |             88 |
|  pll.clk_pll/inst/cpu_clk   | u_cpu/u_core/exe_stage/u_csr_regfile/tlbidx_reg[0]_rep_3[0]                                                                                                                              |                                                                                                                          |               35 |             88 |
|  pll.clk_pll/inst/cpu_clk   | u_cpu/u_core/exe_stage/u_csr_regfile/tlbidx_reg[0]_rep_7[0]                                                                                                                              |                                                                                                                          |               33 |             88 |
|  pll.clk_pll/inst/cpu_clk   | u_cpu/u_core/exe_stage/u_csr_regfile/tlbidx_reg[0]_rep_0[0]                                                                                                                              |                                                                                                                          |               35 |             88 |
|  pll.clk_pll/inst/cpu_clk   | u_cpu/u_core/exe_stage/u_csr_regfile/tlbidx_reg[1]_rep_2[0]                                                                                                                              |                                                                                                                          |               30 |             88 |
|  pll.clk_pll/inst/cpu_clk   | u_cpu/u_core/exe_stage/u_csr_regfile/tlb_vppn                                                                                                                                            |                                                                                                                          |               32 |             88 |
|  pll.clk_pll/inst/cpu_clk   | u_cpu/u_core/exe_stage/u_csr_regfile/tlbidx_reg[0]_rep_5[0]                                                                                                                              |                                                                                                                          |               44 |             88 |
|  pll.clk_pll/inst/cpu_clk   | u_cpu/u_core/exe_stage/u_csr_regfile/tlbidx_reg[0]_rep_2[0]                                                                                                                              |                                                                                                                          |               37 |             88 |
|  pll.clk_pll/inst/cpu_clk   | u_cpu/u_core/exe_stage/u_csr_regfile/tlbidx_reg[0]_rep_1[0]                                                                                                                              |                                                                                                                          |               35 |             88 |
|  pll.clk_pll/inst/cpu_clk   | u_cpu/u_core/exe_stage/u_csr_regfile/tlbfill_index_reg[2]                                                                                                                                |                                                                                                                          |               37 |             88 |
|  pll.clk_pll/inst/cpu_clk   | u_cpu/u_core/exe_stage/u_csr_regfile/tlbfill_index_reg[2]_1                                                                                                                              |                                                                                                                          |               35 |             88 |
|  pll.clk_pll/inst/cpu_clk   | u_cpu/u_core/exe_stage/u_csr_regfile/tlbfill_index_reg[2]_0                                                                                                                              |                                                                                                                          |               43 |             88 |
|  pll.clk_pll/inst/cpu_clk   | u_cpu/u_core/wb_stage/ws_to_rf_bus[0]                                                                                                                                                    |                                                                                                                          |               12 |             96 |
|  pll.clk_pll/inst/cpu_clk   |                                                                                                                                                                                          |                                                                                                                          |               60 |            152 |
|  pll.clk_pll/inst/cpu_clk   | u_cpu/u_core/exe_stage/u_tlb/ds_valid_reg_1                                                                                                                                              |                                                                                                                          |               46 |            168 |
+-----------------------------+------------------------------------------------------------------------------------------------------------------------------------------------------------------------------------------+--------------------------------------------------------------------------------------------------------------------------+------------------+----------------+


